// Jest Snapshot v1, https://goo.gl/fbAQLP

exports[`Body should render body 1`] = `
<div
  data-testid="body"
>
  <h3>
    Cards
  </h3>
  <div
    data-testid="cards"
  >
    <div
      data-testid="no-cards-message"
    >
      No cards
    </div>
  </div>
</div>
`;
