// Jest Snapshot v1, https://goo.gl/fbAQLP

exports[`Card should render Card 1`] = `
<div
  class="sc-bczRLJ blGaXB"
  data-testid="card"
/>
`;
