// Jest Snapshot v1, https://goo.gl/fbAQLP

exports[`Footer should render footer 1`] = `
.c0 {
  display: -webkit-box;
  display: -webkit-flex;
  display: -ms-flexbox;
  display: flex;
  -webkit-box-pack: justify;
  -webkit-justify-content: space-between;
  -ms-flex-pack: justify;
  justify-content: space-between;
  -webkit-align-items: center;
  -webkit-box-align: center;
  -ms-flex-align: center;
  align-items: center;
  height: 100px;
  background-color: #777;
}

<footer
  class="c0"
  data-testid="footer"
>
  <p>
    footer description
  </p>
  <p>
    Total Cards: 
    9
  </p>
</footer>
`;
