// Jest Snapshot v1, https://goo.gl/fbAQLP

exports[`App should render app 1`] = `
<div
  class="sc-bczRLJ emciTv"
  data-testid="app"
>
  <div
    data-testid="header"
  />
  <div
    data-testid="body"
  >
    0
  </div>
  <div
    data-testid="footer"
  />
</div>
`;
